09:07:47 **** Incremental Build of configuration Debug for project app_mnist ****
make all 
make --no-print-directory pre-build
a9-linaro-pre-build-step
 
make --no-print-directory main-build
Building file: ../src/nnTest.c
Invoking: ARM v7 gcc compiler
arm-none-eabi-gcc -Wall -O0 -g3 -c -fmessage-length=0 -MT"src/nnTest.o" -mcpu=cortex-a9 -mfpu=vfpv3 -mfloat-abi=hard -I/media/nisitha/My_Passport/MOODLE/Vivado_projects/cnn_character_recognition/custom_cnn_implementation/custom_nn_implementation/vsw_21/plt_mnist/export/plt_mnist/sw/plt_mnist/standalone_domain/bspinclude/include -MMD -MP -MF"src/nnTest.d" -MT"src/nnTest.o" -o "src/nnTest.o" "../src/nnTest.c"
Finished building: ../src/nnTest.c
 
Building target: app_mnist.elf
Invoking: ARM v7 gcc linker
arm-none-eabi-gcc -mcpu=cortex-a9 -mfpu=vfpv3 -mfloat-abi=hard -Wl,-build-id=none -specs=Xilinx.spec -Wl,-T -Wl,../src/lscript.ld -L/media/nisitha/My_Passport/MOODLE/Vivado_projects/cnn_character_recognition/custom_cnn_implementation/custom_nn_implementation/vsw_21/plt_mnist/export/plt_mnist/sw/plt_mnist/standalone_domain/bsplib/lib -o "app_mnist.elf" ./src/nnTest.o   -Wl,--start-group,-lxil,-lgcc,-lc,--end-group
Finished building target: app_mnist.elf
 
Invoking: ARM v7 Print Size
arm-none-eabi-size app_mnist.elf  |tee "app_mnist.elf.size"
   text	   data	    bss	    dec	    hex	filename
  37804	   3816	  24536	  66156	  1026c	app_mnist.elf
Finished building: app_mnist.elf.size
 

09:07:49 Build Finished (took 1s.238ms)

